// Jest Snapshot v1, https://goo.gl/fbAQLP

exports[`PostMeta component should render initial layout 1`] = `
Array [
  <div
    className="postMeta"
  >
    <div
      className="meta"
    >
      <button
        className="likes"
        onClick={[MockFunction]}
      >
        0 
      </button>
      <span
        onClick={[MockFunction]}
      >
        0
         Comments
      </span>
    </div>
    <CommentsList
      comments={Array []}
      currentUser={Object {}}
      deleteCommentHandler={[MockFunction]}
      dislikeCommentHandler={[MockFunction]}
      likeCommentHandler={[MockFunction]}
      makeCommentHandler={[MockFunction]}
      postId=""
    />
  </div>,
]
`;
